/home/matthak/.conda/envs/MetPar/lib/python3.7/site-packages/pygad/pygad.py:799: UserWarning: Use the 'save_solutions' parameter with caution as it may cause memory overflow when either the number of generations, number of genes, or number of solutions in population is large.
  if not self.suppress_warnings: warnings.warn("Use the 'save_solutions' parameter with caution as it may cause memory overflow when either the number of generations, number of genes, or number of solutions in population is large.")
Box size is 26 26 26
Box size is 26 26 26
/gpfs/home4/matthak/AutoDock_GA_par/autodock_metal_GA/src/test/output
/gpfs/home4/matthak/AutoDock_GA_par/autodock_metal_GA/src/test/output
-------------------------------------------     PROTEIN 16      --------------------------------------------
RMSD for Conformation 1 = 7.5087
RMSD for Conformation 2 = 3.7592
RMSD for Conformation 3 = 7.4956
RMSD for Conformation 4 = 7.7985
RMSD for Conformation 5 = 7.6526
RMSD for Conformation 6 = 7.7325
RMSD for Conformation 7 = 7.3855
RMSD for Conformation 8 = 7.6990
RMSD for Conformation 9 = 7.7286
RMSD for Conformation 10 = 7.6541
Average RMSD: 7.241
Lowest RMSD: 3.759
Standard Deviation RMSD: 1.167
Variance RMSD: 1.362
-----------------------------------------------------------------------------------------------------------

-------------------------------------------     PARENT  1      ---------------------------------------------
Average RMSD of parent 1 in generation 0: 7.241
Average RMSD of the lowest RMSDs of parent 1 in generation 0: 3.759
-----------------------------------------------------------------------------------------------------------

-------------------------------------------     PROTEIN 16      --------------------------------------------
RMSD for Conformation 1 = 3.3600
RMSD for Conformation 2 = 3.4201
RMSD for Conformation 3 = 3.4097
RMSD for Conformation 4 = 3.3257
RMSD for Conformation 5 = 3.3658
RMSD for Conformation 6 = 3.4269
RMSD for Conformation 7 = 3.3976
RMSD for Conformation 8 = 3.4326
RMSD for Conformation 9 = 3.3997
RMSD for Conformation 10 = 3.4280
Average RMSD: 3.397
Lowest RMSD: 3.326
Standard Deviation RMSD: 0.03355
Variance RMSD: 0.001125
-----------------------------------------------------------------------------------------------------------

-------------------------------------------     PARENT  0      ---------------------------------------------
Average RMSD of parent 0 in generation 0: 3.397
Average RMSD of the lowest RMSDs of parent 0 in generation 0: 3.326
-----------------------------------------------------------------------------------------------------------

Box size is 26 26 26
Box size is 26 26 26
/gpfs/home4/matthak/AutoDock_GA_par/autodock_metal_GA/src/test/output
/gpfs/home4/matthak/AutoDock_GA_par/autodock_metal_GA/src/test/output
-------------------------------------------     PROTEIN 16      --------------------------------------------
RMSD for Conformation 1 = 3.4257
RMSD for Conformation 2 = 3.4101
RMSD for Conformation 3 = 3.4259
RMSD for Conformation 4 = 3.4234
RMSD for Conformation 5 = 3.4159
RMSD for Conformation 6 = 3.3714
RMSD for Conformation 7 = 3.3328
RMSD for Conformation 8 = 3.4206
RMSD for Conformation 9 = 3.4180
RMSD for Conformation 10 = 3.4209
Average RMSD: 3.406
Lowest RMSD: 3.333
Standard Deviation RMSD: 0.02887
Variance RMSD: 0.0008335
-----------------------------------------------------------------------------------------------------------

-------------------------------------------     PARENT  1      ---------------------------------------------
Average RMSD of parent 1 in generation 1: 3.406
Average RMSD of the lowest RMSDs of parent 1 in generation 1: 3.333
-----------------------------------------------------------------------------------------------------------

-------------------------------------------     PROTEIN 16      --------------------------------------------
RMSD for Conformation 1 = 3.3872
RMSD for Conformation 2 = 3.3809
RMSD for Conformation 3 = 3.4322
RMSD for Conformation 4 = 3.4005
RMSD for Conformation 5 = 3.4002
RMSD for Conformation 6 = 3.4302
RMSD for Conformation 7 = 3.4063
RMSD for Conformation 8 = 3.4138
RMSD for Conformation 9 = 3.4229
RMSD for Conformation 10 = 3.4112
Average RMSD: 3.409
Lowest RMSD: 3.381
Standard Deviation RMSD: 0.01621
Variance RMSD: 0.0002627
-----------------------------------------------------------------------------------------------------------

-------------------------------------------     PARENT  0      ---------------------------------------------
Average RMSD of parent 0 in generation 1: 3.409
Average RMSD of the lowest RMSDs of parent 0 in generation 1: 3.381
-----------------------------------------------------------------------------------------------------------

Box size is 26 26 26
Box size is 28 28 28
/gpfs/home4/matthak/AutoDock_GA_par/autodock_metal_GA/src/test/output
/gpfs/home4/matthak/AutoDock_GA_par/autodock_metal_GA/src/test/output
-------------------------------------------     PROTEIN 16      --------------------------------------------
RMSD for Conformation 1 = 3.3911
RMSD for Conformation 2 = 3.4120
RMSD for Conformation 3 = 3.4161
RMSD for Conformation 4 = 3.3934
RMSD for Conformation 5 = 3.4168
RMSD for Conformation 6 = 3.4013
RMSD for Conformation 7 = 3.4186
RMSD for Conformation 8 = 3.4177
RMSD for Conformation 9 = 3.3639
RMSD for Conformation 10 = 3.4144
Average RMSD: 3.405
Lowest RMSD: 3.364
Standard Deviation RMSD: 0.01666
Variance RMSD: 0.0002776
-----------------------------------------------------------------------------------------------------------

-------------------------------------------     PARENT  1      ---------------------------------------------
Average RMSD of parent 1 in generation 2: 3.405
Average RMSD of the lowest RMSDs of parent 1 in generation 2: 3.364
-----------------------------------------------------------------------------------------------------------

-------------------------------------------     PROTEIN 16      --------------------------------------------
RMSD for Conformation 1 = 3.4060
RMSD for Conformation 2 = 3.3783
RMSD for Conformation 3 = 3.4128
RMSD for Conformation 4 = 3.4205
RMSD for Conformation 5 = 3.3938
RMSD for Conformation 6 = 3.3341
RMSD for Conformation 7 = 3.4335
RMSD for Conformation 8 = 3.4307
RMSD for Conformation 9 = 3.4266
RMSD for Conformation 10 = 3.3668
Average RMSD: 3.4
Lowest RMSD: 3.334
Standard Deviation RMSD: 0.03058
Variance RMSD: 0.0009353
-----------------------------------------------------------------------------------------------------------

-------------------------------------------     PARENT  0      ---------------------------------------------
Average RMSD of parent 0 in generation 2: 3.4
Average RMSD of the lowest RMSDs of parent 0 in generation 2: 3.334
-----------------------------------------------------------------------------------------------------------

Parameters of the best solution : [ 1.29550893 23.26399805  2.49555615 20.82799064  2.77726171  9.05961932
  2.37223109 23.12039099  1.17955662  1.71500013  2.11514248 17.99105816]

Fitness value of the best solution = 0.2940915408355008

TRAINING GA COMPLETED

JOB STATISTICS
==============
Job ID: 1621624
Cluster: snellius
User/Group: matthak/matthak
State: COMPLETED (exit code 0)
Nodes: 1
Cores per node: 32
CPU Utilized: 00:08:43
CPU Efficiency: 8.17% of 01:46:40 core-walltime
Job Wall-clock time: 00:03:20
Memory Utilized: 206.14 MB
Memory Efficiency: 0.36% of 56.00 GB
