GEOMETRY CONVERGED
Traceback (most recent call last):
  File "/home/matthak/.conda/envs/metal_dock/MGLToolsPckgs/AutoDockTools/Utilities24/prepare_gpf4.py", line 111, in <module>
    gpfm.set_receptor(receptor_filename)
  File "/home/matthak/.conda/envs/metal_dock/MGLToolsPckgs/AutoDockTools/GridParameters.py", line 1003, in set_receptor
    self.receptor = Read(receptor_filename)[0]
  File "/home/matthak/.conda/envs/metal_dock/MGLToolsPckgs/MolKit/__init__.py", line 21, in Read
    raise AssertionError , "%s does't exist" %filename
AssertionError: clean_3x32.pdbqt does't exist
/bin/sh: /gpfs/home4/matthak/AutoDock_GA_par/autodock_metal_GA/src/metal_dock/external/AutoDock/autogrid4: No such file or directory
/bin/sh: /gpfs/home4/matthak/AutoDock_GA_par/autodock_metal_GA/src/metal_dock/external/AutoDock/autodock4: No such file or directory
Traceback (most recent call last):
  File "/home/matthak/.conda/envs/metal_dock/MGLToolsPckgs/AutoDockTools/Utilities24/write_conformations_from_dlg.py", line 72, in <module>
    d.readDlg(docking_filename)
  File "/home/matthak/.conda/envs/metal_dock/MGLToolsPckgs/AutoDockTools/Docking.py", line 96, in readDlg
    dlo = DockingLogObject(self, dlgFile)
  File "/home/matthak/.conda/envs/metal_dock/MGLToolsPckgs/AutoDockTools/Docking.py", line 728, in __init__
    parser.parse(filename)
  File "/home/matthak/.conda/envs/metal_dock/MGLToolsPckgs/AutoDockTools/DlgParser.py", line 118, in parse
    raise IOError
IOError
mv: cannot stat '/gpfs/home4/matthak/AutoDock_GA_par/autodock_metal_GA/test/orca_engine/output/docking/Ru_5_*.pdbqt': No such file or directory

DOCKING SUCCESFULLY COMPLETED

THE PRINTED POSES AND PROTEIN CAN BE FOUND IN THE RESULTS DIRECTORY


JOB STATISTICS
==============
Job ID: 1746031
Cluster: snellius
User/Group: matthak/matthak
State: COMPLETED (exit code 0)
Nodes: 1
Cores per node: 32
CPU Utilized: 00:00:04
CPU Efficiency: 0.66% of 00:10:08 core-walltime
Job Wall-clock time: 00:00:19
Memory Utilized: 1.34 MB
Memory Efficiency: 0.00% of 56.00 GB
