== Starting run at Mon Oct 17 22:22:37 CEST 2022
== Job ID: 1723767
== Node list: tcn472
== Submit dir. : /gpfs/home4/matthak/AutoDock_GA_par/autodock_metal_GA/src/test/gradient_descent
== Scratch dir. : /scratch-local/matthak.1723767
Average RMSD: 12.56
Lowest RMSD: 10.61
Standard Deviation RMSD: 0.9492
Variance RMSD: 0.901
-----------------------------------------------------------------------------------------------------------

Average RMSD: 7.612
Lowest RMSD: 3.543
Standard Deviation RMSD: 2.602
Variance RMSD: 6.769
-----------------------------------------------------------------------------------------------------------

Average RMSD: 0.5339
Lowest RMSD: 0.4294
Standard Deviation RMSD: 0.08642
Variance RMSD: 0.007468
-----------------------------------------------------------------------------------------------------------

Average RMSD: 0.5459
Lowest RMSD: 0.4093
Standard Deviation RMSD: 0.1144
Variance RMSD: 0.01308
-----------------------------------------------------------------------------------------------------------

[0.5459436219238927, 12.562075098829592]
[0.25, -0.25]
-24.032262953811397
Average RMSD: 0.5587
Lowest RMSD: 0.4627
Standard Deviation RMSD: 0.11
Variance RMSD: 0.01209
-----------------------------------------------------------------------------------------------------------

Average RMSD: 0.5044
Lowest RMSD: 0.3483
Standard Deviation RMSD: 0.07848
Variance RMSD: 0.00616
-----------------------------------------------------------------------------------------------------------

Average RMSD: 0.5384
Lowest RMSD: 0.3725
Standard Deviation RMSD: 0.09027
Variance RMSD: 0.008149
-----------------------------------------------------------------------------------------------------------

Average RMSD: 0.5763
Lowest RMSD: 0.4727
Standard Deviation RMSD: 0.1239
Variance RMSD: 0.01536
-----------------------------------------------------------------------------------------------------------

[0.5763116294362882, 0.5043820086147986]
[0.02, -0.02]
1.7982405205372392
Average RMSD: 2.58
Lowest RMSD: 0.3487
Standard Deviation RMSD: 3.258
Variance RMSD: 10.61
-----------------------------------------------------------------------------------------------------------

[2.580104227922228, 7.612378981718665]
[0.25, -0.25]
-10.064549507592874
Average RMSD: 0.5081
Lowest RMSD: 0.4209
Standard Deviation RMSD: 0.08034
Variance RMSD: 0.006455
-----------------------------------------------------------------------------------------------------------

Average RMSD: 0.5482
Lowest RMSD: 0.4099
Standard Deviation RMSD: 0.07776
Variance RMSD: 0.006047
-----------------------------------------------------------------------------------------------------------

Average RMSD: 3.293
Lowest RMSD: 0.476
Standard Deviation RMSD: 3.391
Variance RMSD: 11.5
-----------------------------------------------------------------------------------------------------------

[0.558654198936851, 0.5080682191321204]
[0.02, -0.02]
1.264649495118264
Average RMSD: 0.6376
Lowest RMSD: 0.4457
Standard Deviation RMSD: 0.4048
Variance RMSD: 0.1639
-----------------------------------------------------------------------------------------------------------

Average RMSD: 1.242
Lowest RMSD: 0.4455
Standard Deviation RMSD: 2.075
Variance RMSD: 4.307
-----------------------------------------------------------------------------------------------------------

Average RMSD: 0.6032
Lowest RMSD: 0.4336
Standard Deviation RMSD: 0.1168
Variance RMSD: 0.01364
-----------------------------------------------------------------------------------------------------------

Average RMSD: 8.258
Lowest RMSD: 3.173
Standard Deviation RMSD: 2.025
Variance RMSD: 4.103
-----------------------------------------------------------------------------------------------------------

[0.6375830326567581, 0.5384055085042263]
[0.25, -0.25]
0.19835504830506356
Average RMSD: 0.5151
Lowest RMSD: 0.3547
Standard Deviation RMSD: 0.0882
Variance RMSD: 0.007779
-----------------------------------------------------------------------------------------------------------

Average RMSD: 1.29
Lowest RMSD: 0.4389
Standard Deviation RMSD: 2.054
Variance RMSD: 4.217
-----------------------------------------------------------------------------------------------------------

[0.6031549542092446, 0.5150711141771179]
[0.02, -0.02]
2.2020960008031665
[1.2899000917372994, 1.2418401308766114]
[0.02, -0.02]
1.2014990215171995
Average RMSD: 0.539
Lowest RMSD: 0.4548
Standard Deviation RMSD: 0.08804
Variance RMSD: 0.007751
-----------------------------------------------------------------------------------------------------------

[0.5339307757827358, 0.5390492703321335]
[0.25, -0.25]
-0.010236989098795224
Average RMSD: 0.5895
Lowest RMSD: 0.463
Standard Deviation RMSD: 0.07655
Variance RMSD: 0.00586
-----------------------------------------------------------------------------------------------------------

Average RMSD: 0.5688
Lowest RMSD: 0.4298
Standard Deviation RMSD: 0.0793
Variance RMSD: 0.006289
-----------------------------------------------------------------------------------------------------------

Average RMSD: 0.5119
Lowest RMSD: 0.4371
Standard Deviation RMSD: 0.06237
Variance RMSD: 0.00389
-----------------------------------------------------------------------------------------------------------

Average RMSD: 5.424
Lowest RMSD: 0.4419
Standard Deviation RMSD: 3.225
Variance RMSD: 10.4
-----------------------------------------------------------------------------------------------------------

[0.511853747899629, 0.5688430509900761]
[0.25, -0.25]
-0.11397860618089428
[3.293207358789759, 5.423816636604658]
[0.02, -0.02]
-53.265231945372484
Average RMSD: 0.5587
Lowest RMSD: 0.4714
Standard Deviation RMSD: 0.09528
Variance RMSD: 0.009079
-----------------------------------------------------------------------------------------------------------

[0.589470594711644, 8.257974153479488]
[0.25, -0.25]
-15.337007117535688
[0.5482341976538303, 0.5587162523156476]
[0.02, -0.02]
-0.26205136654543215
GRADIENT DESCENT STEP 1:
  [2.432795683272716, 12.235111476905699, 1.28486, 16.285118494549398, 1.00407, 12.895283558767844, 1.202045252440868, 23.83745247584747, 1.55722, 13.718214753796438, 1.4907, 11.907489303090447]

EXECUTION TIME: 76.28041418921202

Average RMSD: 11.84
Lowest RMSD: 6.383
Standard Deviation RMSD: 2.052
Variance RMSD: 4.21
-----------------------------------------------------------------------------------------------------------

Average RMSD: 8.826
Lowest RMSD: 2.628
Standard Deviation RMSD: 3.863
Variance RMSD: 14.93
-----------------------------------------------------------------------------------------------------------

slurmstepd: error: *** JOB 1723767 ON tcn472 CANCELLED AT 2022-10-17T22:25:10 ***

JOB STATISTICS
==============
Job ID: 1723767
Cluster: snellius
User/Group: matthak/matthak
State: CANCELLED (exit code 0)
Nodes: 1
Cores per node: 32
CPU Utilized: 00:00:00
CPU Efficiency: 0.00% of 01:25:20 core-walltime
Job Wall-clock time: 00:02:40
Memory Utilized: 1.22 GB
Memory Efficiency: 2.18% of 56.00 GB
